[www.leticiarobaina.com/es/index.html]
[backblue.gif]
[fade.gif]
[index.html]
[www.leticiarobaina.com/_images/sites/leticia-robaina1844/img/_DSC6762231e.jpg]
[www.leticiarobaina.com/sites/leticia-robaina1844/img/logo/favicon-613.png]
[www.leticiarobaina.com/assets/lang/lang.js]
[www.leticiarobaina.com/_images/sites/leticia-robaina1844/img/logo/logo-690b45b.png]
[www.leticiarobaina.com/es/sobre-mi.html]
[www.leticiarobaina.com/es/servicios-de-asesoramiento-y-coach-de-imagen.html]
[www.leticiarobaina.com/es/color-y-emociones.html]
[www.leticiarobaina.com/es/psicologia-del-estilo.html]
[www.leticiarobaina.com/es/armario-consciente.html]
[www.leticiarobaina.com/es/impacta-con-tu-imagen-en-tu-marca-personal.html]
[www.leticiarobaina.com/es/descubre-y-desarrolla-tu-imagen-real.html]
[www.leticiarobaina.com/es/talleres-de-asesoramiento-y-coach-para-potenciar-tu-imagen.html]
[www.leticiarobaina.com/es/taller-armario-consciente.html]
[www.leticiarobaina.com/es/color-emociones-y-piel.html]
[www.leticiarobaina.com/es/taller-imagen-consciente.html]
[www.leticiarobaina.com/es/contacto-asesoria-de-imagen-personal.html]
[www.leticiarobaina.com/_images/sites/leticia-robaina1844/img/logo/logo-7172eec.png]
[www.leticiarobaina.com/_images/sites/leticia-robaina1844/img/Copia-de-Copia-de-Copia-de-Copia-de-Copia-de-Copia-de-Plantilla-instagram-stories-frase-motivacional-colores-neutro--55859a01.png]
[www.leticiarobaina.com/_images/sites/leticia-robaina1844/img/7NXJSyqeUf00e3.png]
[www.leticiarobaina.com/_images/sites/leticia-robaina1844/img/1M0i5PyaOX42ee.png]
[www.leticiarobaina.com/_images/sites/leticia-robaina1844/img/6WSNPcCBZ49a01.png]
[www.leticiarobaina.com/_images/sites/leticia-robaina1844/img/gZ5sWDoOfU.png]
[www.leticiarobaina.com/es/aviso-legal-y-politica-de-privacidad.html]
[www.leticiarobaina.com/es/politica-de-cookies.html]
[maxcdn.bootstrapcdn.com/font-awesome/4.7.0/css/font-awesome.min.css]
[www.leticiarobaina.com/assets/frontend/js/lazy-load3c11.js]
[ajax.googleapis.com/ajax/libs/jquery/1.11.3/jquery.min.js]
[www.leticiarobaina.com/assets/frontend/js/jquery-ui.min.js]
[www.leticiarobaina.com/assets/frontend/js/bootstrap.min.js]
[www.leticiarobaina.com/assets/common/js/events3c11.js]
[www.leticiarobaina.com/assets/plugins/layers/layers3c11.js]
[www.leticiarobaina.com/assets/frontend/js/app3c11.js]
[www.leticiarobaina.com/assets/frontend/js/newsletter3c11.js]
[www.leticiarobaina.com/assets/blocks/block-header/block-header3c11.js]
[www.leticiarobaina.com/assets/blocks/_components/floatingbuttons/floatingbuttons3c11.js]
[www.leticiarobaina.com/assets/blocks/block-featured/block-featured3c11.js]
[www.leticiarobaina.com/assets/plugins/tiny-slider/tiny-slider.js]
[www.leticiarobaina.com/assets/blocks/block-textandcarousel/block-textandcarousel3c11.js]
[www.leticiarobaina.com/assets/frontend/plugins/jquery-validation/js/jquery.validate.min.js]
[www.leticiarobaina.com/assets/frontend/plugins/jquery-validation/js/localization/messages_es.js]
[www.leticiarobaina.com/assets/blocks/block-formbuilder/block-formbuilder3c11.js]
[www.leticiarobaina.com/assets/frontend/plugins/jquery-datepicker/datepicker-es.js]
[www.leticiarobaina.com/assets/blocks/block-footer/block-footer3c11.js]
[www.leticiarobaina.com/assets/frontend/js/cmp3c11.js]
[www.leticiarobaina.com/es/index.html]
[www.leticiarobaina.com/assets/frontend/css/bootstrap.css]
[www.leticiarobaina.com/assets/frontend/plugins/jquery-ui/images/ui-icons_444444_256x240.png]
[www.leticiarobaina.com/assets/frontend/plugins/jquery-ui/images/ui-icons_555555_256x240.png]
[www.leticiarobaina.com/assets/frontend/plugins/jquery-ui/images/ui-icons_ffffff_256x240.png]
[www.leticiarobaina.com/assets/frontend/plugins/jquery-ui/images/ui-icons_777620_256x240.png]
[www.leticiarobaina.com/assets/frontend/plugins/jquery-ui/images/ui-icons_cc0000_256x240.png]
[www.leticiarobaina.com/assets/frontend/plugins/jquery-ui/images/ui-icons_777777_256x240.png]
[www.leticiarobaina.com/assets/frontend/plugins/jquery-ui/jquery-ui.min.css]
[www.leticiarobaina.com/assets/plugins/layers/layers3c11.css]
[www.leticiarobaina.com/assets/frontend/img/underline-styles/circle.png]
[www.leticiarobaina.com/assets/frontend/img/underline-styles/pen.png]
[www.leticiarobaina.com/assets/frontend/img/underline-styles/pen2.png]
[www.leticiarobaina.com/sites/leticia-robaina1844/css/sitea7c5.css]
[www.leticiarobaina.com/assets/backend/img/loader2-lg.gif]
[www.leticiarobaina.com/sites/leticia-robaina1844/css/custom3273.css]
[www.leticiarobaina.com/assets/plugins/tiny-slider/tiny-slider.css]
[www.leticiarobaina.com/assets/frontend/css/cmp3c11.css]
[www.leticiarobaina.com/_images/sites/leticia-robaina1844/img/Imagen-leticia231e.jpg]
[www.leticiarobaina.com/_images/sites/leticia-robaina1844/img/logo/logo-717b45b.png]
[www.leticiarobaina.com/sites/leticia-robaina1844/img/Comillas.png]
[www.leticiarobaina.com/_images/sites/leticia-robaina1844/img/nid3g2Uj2na4a1.png]
[www.leticiarobaina.com/_images/sites/leticia-robaina1844/img/xlrMQEvGLz5aba.png]
[www.leticiarobaina.com/_images/sites/leticia-robaina1844/img/ZEG5e8i7b85aba.png]
[www.leticiarobaina.com/assets/blocks/block-iconboxes/block-iconboxes3c11.js]
[www.leticiarobaina.com/es/sobre-mi.html]
[www.leticiarobaina.com/_images/sites/leticia-robaina1844/img/9Yt68WCd76231e.png]
[www.leticiarobaina.com/_images/sites/leticia-robaina1844/img/platinum00e3.png]
[www.leticiarobaina.com/_images/sites/leticia-robaina1844/img/Copia-de-Copia-de-Copia-de-Copia-de-Copia-de-Copia-de-Plantilla-instagram-stories-frase-motivacional-colores-neutro--273900e3.png]
[www.leticiarobaina.com/_images/sites/leticia-robaina1844/img/Copia-de-Copia-de-Copia-de-Copia-de-Copia-de-Copia-de-Plantilla-instagram-stories-frase-motivacional-colores-neutro--63700e3.png]
[www.leticiarobaina.com/_images/sites/leticia-robaina1844/img/Hlw5Lpb68S00e3.png]
[www.leticiarobaina.com/_images/sites/leticia-robaina1844/img/IMG_040100e3.png]
[www.leticiarobaina.com/_images/sites/leticia-robaina1844/img/xxzMzkXfuc.png]
[www.leticiarobaina.com/assets/plugins/fancybox5/fancybox.js]
[www.leticiarobaina.com/assets/blocks/block-carousel/block-carousel-item3c11.js]
[www.leticiarobaina.com/assets/blocks/block-carousel/block-carousel3c11.js]
[www.leticiarobaina.com/assets/blocks/block-imageboxes/block-imageboxes3c11.js]
[www.leticiarobaina.com/es/servicios-de-asesoramiento-y-coach-de-imagen.html]
[www.leticiarobaina.com/_images/sites/leticia-robaina1844/img/antonio-friedemann-DTHju55LHwU-unsplash--1918231e.jpg]
[www.leticiarobaina.com/es/color-y-emociones.html]
[www.leticiarobaina.com/_images/sites/leticia-robaina1844/img/YnM1wqhP2a231e.png]
[www.leticiarobaina.com/es/psicologia-del-estilo.html]
[www.leticiarobaina.com/_images/sites/leticia-robaina1844/img/Copia-de-Copia-de-Copia-de-Copia-de-Copia-de-Copia-de-Plantilla-instagram-stories-frase-motivacional-colores-neutro--6665231e.png]
[www.leticiarobaina.com/es/armario-consciente.html]
[www.leticiarobaina.com/_images/sites/leticia-robaina1844/img/Copia-de-Copia-de-Copia-de-Copia-de-Copia-de-Copia-de-Plantilla-instagram-stories-frase-motivacional-colores-neutro--2778231e.png]
[www.leticiarobaina.com/es/impacta-con-tu-imagen-en-tu-marca-personal.html]
[www.leticiarobaina.com/_images/sites/leticia-robaina1844/img/xBsYWodw9S231e.png]
[www.leticiarobaina.com/es/descubre-y-desarrolla-tu-imagen-real.html]
[www.leticiarobaina.com/_images/sites/leticia-robaina1844/img/hkJ1aGR72M231e.png]
[www.leticiarobaina.com/_images/sites/leticia-robaina1844/img/hkJ1aGR72M.png]
[www.leticiarobaina.com/_images/sites/leticia-robaina1844/img/Copia-de-Copia-de-Copia-de-Copia-de-Copia-de-Copia-de-Plantilla-instagram-stories-frase-motivacional-colores-neutro--731700e3.png]
[www.leticiarobaina.com/_images/sites/leticia-robaina1844/img/Copia-de-Copia-de-Copia-de-Copia-de-Copia-de-Copia-de-Plantilla-instagram-stories-frase-motivacional-colores-neutro--774200e3.png]
[www.leticiarobaina.com/_images/sites/leticia-robaina1844/img/Copia-de-Copia-de-Copia-de-Copia-de-Copia-de-Copia-de-Plantilla-instagram-stories-frase-motivacional-colores-neutro--585200e3.png]
[www.leticiarobaina.com/_images/sites/leticia-robaina1844/img/yanapi-senaud-wEy8TRGUuLY-unsplash.jpg]
[www.leticiarobaina.com/assets/blocks/block-minislider/block-minislider3c11.js]
[www.leticiarobaina.com/es/talleres-de-asesoramiento-y-coach-para-potenciar-tu-imagen.html]
[www.leticiarobaina.com/_images/sites/leticia-robaina1844/img/Copia-de-Copia-de-Copia-de-Copia-de-Copia-de-Copia-de-Plantilla-instagram-stories-frase-motivacional-colores-neutro--1974231e.png]
[www.leticiarobaina.com/es/taller-armario-consciente.html]
[www.leticiarobaina.com/_images/sites/leticia-robaina1844/img/Copia-de-Copia-de-Copia-de-Copia-de-Copia-de-Copia-de-Plantilla-instagram-stories-frase-motivacional-colores-neutro--6926231e.png]
[www.leticiarobaina.com/es/color-emociones-y-piel.html]
[www.leticiarobaina.com/_images/sites/leticia-robaina1844/img/Copia-de-Copia-de-Copia-de-Copia-de-Copia-de-Copia-de-Plantilla-instagram-stories-frase-motivacional-colores-neutro--5736231e.png]
[www.leticiarobaina.com/es/taller-imagen-consciente.html]
[www.leticiarobaina.com/_images/sites/leticia-robaina1844/img/Bpqownx16L231e.png]
[www.leticiarobaina.com/_images/sites/leticia-robaina1844/img/becca-tapert--A_Sx8GrRWg-unsplash.jpg]
[www.leticiarobaina.com/es/contacto-asesoria-de-imagen-personal.html]
[www.leticiarobaina.com/es/aviso-legal-y-politica-de-privacidad.html]
[www.leticiarobaina.com/es/politica-de-cookies.html]
[maxcdn.bootstrapcdn.com/font-awesome/4.7.0/css/font-awesome.min.css]
[www.leticiarobaina.com/assets/frontend/css/fonts/themify9f24.eot]
[www.leticiarobaina.com/assets/frontend/css/fonts/themifyd41d.eot]
[www.leticiarobaina.com/assets/frontend/css/fonts/themify9f24.woff]
[www.leticiarobaina.com/assets/frontend/css/fonts/themify9f24.ttf]
[www.leticiarobaina.com/assets/frontend/css/themify-icons.css]
[www.leticiarobaina.com/assets/frontend/css/pticons/pticons4413.eot]
[www.leticiarobaina.com/assets/frontend/css/pticons/pticons4413.woff2]
[www.leticiarobaina.com/assets/frontend/css/pticons/pticons4413.woff]
[www.leticiarobaina.com/assets/frontend/css/pticons/pticons4413.ttf]
[www.leticiarobaina.com/assets/frontend/css/pticons3c11.css]
[www.leticiarobaina.com/assets/plugins/fancybox5/fancybox.css]
[www.leticiarobaina.com/assets/frontend/css/fonts/themify9f24.svg]
[www.leticiarobaina.com/assets/frontend/css/pticons/pticons4413.svg]
